// Jest Snapshot v1, https://goo.gl/fbAQLP

exports[`App matches the initial snapshot 1`] = `
<div
  class="container"
  id="outer"
  style="width: 100%; height: 100vh; display: flex;"
>
  <div
    id="inner"
    style="margin: auto;"
  >
    <h1
      class="display-2 text-center"
    >
      Sorry
    </h1>
    <p
      class="lead text-center"
    >
      Looks like something went wrong on our end.
    </p>
    <p
      class="lead text-center"
    >
      Please check your network connection and try back later.
    </p>
  </div>
</div>
`;
